This is pdfTeX, Version 3.141592653-2.6-1.40.22 (TeX Live 2022/dev/Debian) (preloaded format=pdflatex 2026.8.14)  26 SEP 2026 11:59
entering extended mode
 restricted \write18 enabled.
 %&-line parsing enabled.
**manuscript.tex
(./manuscript.tex
LaTeX2e <2021-11-15> patch level 1
L3 programming layer <2022-01-21>
(/usr/share/texlive/texmf-dist/tex/latex/base/article.cls
Document Class: article 2021/10/04 v1.4n Standard LaTeX document class
(/usr/share/texlive/texmf-dist/tex/latex/base/size11.clo
File: size11.clo 2021/10/04 v1.4n Standard LaTeX file (size option)
)
\c@part=\count185
\c@section=\count186
\c@subsection=\count187
\c@subsubsection=\count188
\c@paragraph=\count189
\c@subparagraph=\count190
\c@figure=\count191
\c@table=\count192
\abovecaptionskip=\skip47
\belowcaptionskip=\skip48
\bibindent=\dimen138
)
(/usr/share/texlive/texmf-dist/tex/latex/psnfss/mathptmx.sty
Package: mathptmx 2020/03/25 PSNFSS-v9.3 Times w/ Math, improved (SPQR, WaS) 
LaTeX Font Info:    Redeclaring symbol font `operators' on input line 28.
LaTeX Font Info:    Overwriting symbol font `operators' in version `normal'
(Font)                  OT1/cmr/m/n --> OT1/ztmcm/m/n on input line 28.
LaTeX Font Info:    Overwriting symbol font `operators' in version `bold'
(Font)                  OT1/cmr/bx/n --> OT1/ztmcm/m/n on input line 28.
LaTeX Font Info:    Redeclaring symbol font `letters' on input line 29.
LaTeX Font Info:    Overwriting symbol font `letters' in version `normal'
(Font)                  OML/cmm/m/it --> OML/ztmcm/m/it on input line 29.
LaTeX Font Info:    Overwriting symbol font `letters' in version `bold'
(Font)                  OML/cmm/b/it --> OML/ztmcm/m/it on input line 29.
LaTeX Font Info:    Redeclaring symbol font `symbols' on input line 30.
LaTeX Font Info:    Overwriting symbol font `symbols' in version `normal'
(Font)                  OMS/cmsy/m/n --> OMS/ztmcm/m/n on input line 30.
LaTeX Font Info:    Overwriting symbol font `symbols' in version `bold'
(Font)                  OMS/cmsy/b/n --> OMS/ztmcm/m/n on input line 30.
LaTeX Font Info:    Redeclaring symbol font `largesymbols' on input line 31.
LaTeX Font Info:    Overwriting symbol font `largesymbols' in version `normal'
(Font)                  OMX/cmex/m/n --> OMX/ztmcm/m/n on input line 31.
LaTeX Font Info:    Overwriting symbol font `largesymbols' in version `bold'
(Font)                  OMX/cmex/m/n --> OMX/ztmcm/m/n on input line 31.
\symbold=\mathgroup4
\symitalic=\mathgroup5
LaTeX Font Info:    Redeclaring math alphabet \mathbf on input line 34.
LaTeX Font Info:    Overwriting math alphabet `\mathbf' in version `normal'
(Font)                  OT1/cmr/bx/n --> OT1/ptm/bx/n on input line 34.
LaTeX Font Info:    Overwriting math alphabet `\mathbf' in version `bold'
(Font)                  OT1/cmr/bx/n --> OT1/ptm/bx/n on input line 34.
LaTeX Font Info:    Redeclaring math alphabet \mathit on input line 35.
LaTeX Font Info:    Overwriting math alphabet `\mathit' in version `normal'
(Font)                  OT1/cmr/m/it --> OT1/ptm/m/it on input line 35.
LaTeX Font Info:    Overwriting math alphabet `\mathit' in version `bold'
(Font)                  OT1/cmr/bx/it --> OT1/ptm/m/it on input line 35.
LaTeX Info: Redefining \hbar on input line 50.
)
(/usr/share/texlive/texmf-dist/tex/latex/geometry/geometry.sty
Package: geometry 2020/01/02 v5.9 Page Geometry

(/usr/share/texlive/texmf-dist/tex/latex/graphics/keyval.sty
Package: keyval 2014/10/28 v1.15 key=value parser (DPC)
\KV@toks@=\toks16
)
(/usr/share/texlive/texmf-dist/tex/generic/iftex/ifvtex.sty
Package: ifvtex 2019/10/25 v1.7 ifvtex legacy package. Use iftex instead.

(/usr/share/texlive/texmf-dist/tex/generic/iftex/iftex.sty
Package: iftex 2020/03/06 v1.0d TeX engine tests
))
\Gm@cnth=\count193
\Gm@cntv=\count194
\c@Gm@tempcnt=\count195
\Gm@bindingoffset=\dimen139
\Gm@wd@mp=\dimen140
\Gm@odd@mp=\dimen141
\Gm@even@mp=\dimen142
\Gm@layoutwidth=\dimen143
\Gm@layoutheight=\dimen144
\Gm@layouthoffset=\dimen145
\Gm@layoutvoffset=\dimen146
\Gm@dimlist=\toks17
)
(/usr/share/texlive/texmf-dist/tex/latex/amsmath/amsmath.sty
Package: amsmath 2021/10/15 v2.17l AMS math features
\@mathmargin=\skip49

For additional information on amsmath, use the `?' option.
(/usr/share/texlive/texmf-dist/tex/latex/amsmath/amstext.sty
Package: amstext 2021/08/26 v2.01 AMS text

(/usr/share/texlive/texmf-dist/tex/latex/amsmath/amsgen.sty
File: amsgen.sty 1999/11/30 v2.0 generic functions
\@emptytoks=\toks18
\ex@=\dimen147
))
(/usr/share/texlive/texmf-dist/tex/latex/amsmath/amsbsy.sty
Package: amsbsy 1999/11/29 v1.2d Bold Symbols
\pmbraise@=\dimen148
)
(/usr/share/texlive/texmf-dist/tex/latex/amsmath/amsopn.sty
Package: amsopn 2021/08/26 v2.02 operator names
)
\inf@bad=\count196
LaTeX Info: Redefining \frac on input line 234.
\uproot@=\count197
\leftroot@=\count198
LaTeX Info: Redefining \overline on input line 399.
\classnum@=\count199
\DOTSCASE@=\count266
LaTeX Info: Redefining \ldots on input line 496.
LaTeX Info: Redefining \dots on input line 499.
LaTeX Info: Redefining \cdots on input line 620.
\Mathstrutbox@=\box50
\strutbox@=\box51
\big@size=\dimen149
LaTeX Font Info:    Redeclaring font encoding OML on input line 743.
LaTeX Font Info:    Redeclaring font encoding OMS on input line 744.
\macc@depth=\count267
\c@MaxMatrixCols=\count268
\dotsspace@=\muskip16
\c@parentequation=\count269
\dspbrk@lvl=\count270
\tag@help=\toks19
\row@=\count271
\column@=\count272
\maxfields@=\count273
\andhelp@=\toks20
\eqnshift@=\dimen150
\alignsep@=\dimen151
\tagshift@=\dimen152
\tagwidth@=\dimen153
\totwidth@=\dimen154
\lineht@=\dimen155
\@envbody=\toks21
\multlinegap=\skip50
\multlinetaggap=\skip51
\mathdisplay@stack=\toks22
LaTeX Info: Redefining \[ on input line 2938.
LaTeX Info: Redefining \] on input line 2939.
)
(/usr/share/texlive/texmf-dist/tex/latex/amsfonts/amssymb.sty
Package: amssymb 2013/01/14 v3.01 AMS font symbols

(/usr/share/texlive/texmf-dist/tex/latex/amsfonts/amsfonts.sty
Package: amsfonts 2013/01/14 v3.01 Basic AMSFonts support
\symAMSa=\mathgroup6
\symAMSb=\mathgroup7
LaTeX Font Info:    Overwriting math alphabet `\mathfrak' in version `bold'
(Font)                  U/euf/m/n --> U/euf/b/n on input line 106.
))
(/usr/share/texlive/texmf-dist/tex/latex/graphics/graphicx.sty
Package: graphicx 2021/09/16 v1.2d Enhanced LaTeX Graphics (DPC,SPQR)

(/usr/share/texlive/texmf-dist/tex/latex/graphics/graphics.sty
Package: graphics 2021/03/04 v1.4d Standard LaTeX Graphics (DPC,SPQR)

(/usr/share/texlive/texmf-dist/tex/latex/graphics/trig.sty
Package: trig 2021/08/11 v1.11 sin cos tan (DPC)
)
(/usr/share/texlive/texmf-dist/tex/latex/graphics-cfg/graphics.cfg
File: graphics.cfg 2016/06/04 v1.11 sample graphics configuration
)
Package graphics Info: Driver file: pdftex.def on input line 107.

(/usr/share/texlive/texmf-dist/tex/latex/graphics-def/pdftex.def
File: pdftex.def 2020/10/05 v1.2a Graphics/color driver for pdftex
))
\Gin@req@height=\dimen156
\Gin@req@width=\dimen157
)
(/usr/share/texlive/texmf-dist/tex/latex/tools/longtable.sty
Package: longtable 2021-09-01 v4.17 Multi-page Table package (DPC)
\LTleft=\skip52
\LTright=\skip53
\LTpre=\skip54
\LTpost=\skip55
\LTchunksize=\count274
\LTcapwidth=\dimen158
\LT@head=\box52
\LT@firsthead=\box53
\LT@foot=\box54
\LT@lastfoot=\box55
\LT@gbox=\box56
\LT@cols=\count275
\LT@rows=\count276
\c@LT@tables=\count277
\c@LT@chunks=\count278
\LT@p@ftn=\toks23
)
(/usr/share/texlive/texmf-dist/tex/latex/tools/array.sty
Package: array 2021/10/04 v2.5f Tabular extension package (FMi)
\col@sep=\dimen159
\ar@mcellbox=\box57
\extrarowheight=\dimen160
\NC@list=\toks24
\extratabsurround=\skip56
\backup@length=\skip57
\ar@cellbox=\box58
)
(/usr/share/texlive/texmf-dist/tex/latex/url/url.sty
\Urlmuskip=\muskip17
Package: url 2013/09/16  ver 3.4  Verb mode for urls, etc.
)
LaTeX Font Info:    Trying to load font information for OT1+ptm on input line 1
4.

(/usr/share/texlive/texmf-dist/tex/latex/psnfss/ot1ptm.fd
File: ot1ptm.fd 2001/06/04 font definitions for OT1/ptm.
)
(/usr/share/texlive/texmf-dist/tex/latex/l3backend/l3backend-pdftex.def
File: l3backend-pdftex.def 2022-01-12 L3 backend support: PDF output (pdfTeX)
\l__color_backend_stack_int=\count279
\l__pdf_internal_box=\box59
)
(./manuscript.aux)
\openout1 = `manuscript.aux'.

LaTeX Font Info:    Checking defaults for OML/cmm/m/it on input line 14.
LaTeX Font Info:    ... okay on input line 14.
LaTeX Font Info:    Checking defaults for OMS/cmsy/m/n on input line 14.
LaTeX Font Info:    ... okay on input line 14.
LaTeX Font Info:    Checking defaults for OT1/cmr/m/n on input line 14.
LaTeX Font Info:    ... okay on input line 14.
LaTeX Font Info:    Checking defaults for T1/cmr/m/n on input line 14.
LaTeX Font Info:    ... okay on input line 14.
LaTeX Font Info:    Checking defaults for TS1/cmr/m/n on input line 14.
LaTeX Font Info:    ... okay on input line 14.
LaTeX Font Info:    Checking defaults for OMX/cmex/m/n on input line 14.
LaTeX Font Info:    ... okay on input line 14.
LaTeX Font Info:    Checking defaults for U/cmr/m/n on input line 14.
LaTeX Font Info:    ... okay on input line 14.

*geometry* driver: auto-detecting
*geometry* detected driver: pdftex
*geometry* verbose mode - [ preamble ] result:
* driver: pdftex
* paper: a4paper
* layout: <same size as paper>
* layoutoffset:(h,v)=(0.0pt,0.0pt)
* modes: 
* h-part:(L,W,R)=(65.04256pt, 467.42276pt, 65.04256pt)
* v-part:(T,H,B)=(65.04256pt, 714.96173pt, 65.04256pt)
* \paperwidth=597.50787pt
* \paperheight=845.04684pt
* \textwidth=467.42276pt
* \textheight=714.96173pt
* \oddsidemargin=-7.22743pt
* \evensidemargin=-7.22743pt
* \topmargin=-44.22743pt
* \headheight=12.0pt
* \headsep=25.0pt
* \topskip=11.0pt
* \footskip=30.0pt
* \marginparwidth=50.0pt
* \marginparsep=10.0pt
* \columnsep=10.0pt
* \skip\footins=10.0pt plus 4.0pt minus 2.0pt
* \hoffset=0.0pt
* \voffset=0.0pt
* \mag=1000
* \@twocolumnfalse
* \@twosidefalse
* \@mparswitchfalse
* \@reversemarginfalse
* (1in=72.27pt=25.4mm, 1cm=28.453pt)

(/usr/share/texlive/texmf-dist/tex/context/base/mkii/supp-pdf.mkii
[Loading MPS to PDF converter (version 2006.09.02).]
\scratchcounter=\count280
\scratchdimen=\dimen161
\scratchbox=\box60
\nofMPsegments=\count281
\nofMParguments=\count282
\everyMPshowfont=\toks25
\MPscratchCnt=\count283
\MPscratchDim=\dimen162
\MPnumerator=\count284
\makeMPintoPDFobject=\count285
\everyMPtoPDFconversion=\toks26
) (/usr/share/texlive/texmf-dist/tex/latex/epstopdf-pkg/epstopdf-base.sty
Package: epstopdf-base 2020-01-24 v2.11 Base part for package epstopdf
Package epstopdf-base Info: Redefining graphics rule for `.eps' on input line 4
85.

(/usr/share/texlive/texmf-dist/tex/latex/latexconfig/epstopdf-sys.cfg
File: epstopdf-sys.cfg 2010/07/13 v1.3 Configuration of (r)epstopdf for TeX Liv
e
))
LaTeX Font Info:    Trying to load font information for OT1+ztmcm on input line
 15.

(/usr/share/texlive/texmf-dist/tex/latex/psnfss/ot1ztmcm.fd
File: ot1ztmcm.fd 2000/01/03 Fontinst v1.801 font definitions for OT1/ztmcm.
)
LaTeX Font Info:    Trying to load font information for OML+ztmcm on input line
 15.

(/usr/share/texlive/texmf-dist/tex/latex/psnfss/omlztmcm.fd
File: omlztmcm.fd 2000/01/03 Fontinst v1.801 font definitions for OML/ztmcm.
)
LaTeX Font Info:    Trying to load font information for OMS+ztmcm on input line
 15.

(/usr/share/texlive/texmf-dist/tex/latex/psnfss/omsztmcm.fd
File: omsztmcm.fd 2000/01/03 Fontinst v1.801 font definitions for OMS/ztmcm.
)
LaTeX Font Info:    Trying to load font information for OMX+ztmcm on input line
 15.

(/usr/share/texlive/texmf-dist/tex/latex/psnfss/omxztmcm.fd
File: omxztmcm.fd 2000/01/03 Fontinst v1.801 font definitions for OMX/ztmcm.
)
LaTeX Font Info:    Font shape `OT1/ptm/bx/n' in size <12> not available
(Font)              Font shape `OT1/ptm/b/n' tried instead on input line 15.
LaTeX Font Info:    Font shape `OT1/ptm/bx/n' in size <9> not available
(Font)              Font shape `OT1/ptm/b/n' tried instead on input line 15.
LaTeX Font Info:    Font shape `OT1/ptm/bx/n' in size <7> not available
(Font)              Font shape `OT1/ptm/b/n' tried instead on input line 15.
LaTeX Font Info:    Font shape `OT1/ptm/bx/n' in size <10> not available
(Font)              Font shape `OT1/ptm/b/n' tried instead on input line 24.
LaTeX Font Info:    Font shape `OT1/ptm/bx/n' in size <7.4> not available
(Font)              Font shape `OT1/ptm/b/n' tried instead on input line 24.
LaTeX Font Info:    Font shape `OT1/ptm/bx/n' in size <6> not available
(Font)              Font shape `OT1/ptm/b/n' tried instead on input line 24.
 (./manuscript.toc
[1

{/var/lib/texmf/fonts/map/pdftex/updmap/pdftex.map}]
LaTeX Font Info:    Font shape `OT1/ptm/bx/n' in size <10.95> not available
(Font)              Font shape `OT1/ptm/b/n' tried instead on input line 4.
LaTeX Font Info:    Font shape `OT1/ptm/bx/n' in size <8> not available
(Font)              Font shape `OT1/ptm/b/n' tried instead on input line 4.
 [2])
\tf@toc=\write3
\openout3 = `manuscript.toc'.

 [3]
LaTeX Font Info:    Trying to load font information for TS1+ptm on input line 1
15.

(/usr/share/texlive/texmf-dist/tex/latex/psnfss/ts1ptm.fd
File: ts1ptm.fd 2001/06/04 font definitions for TS1/ptm.
) [4

]
Overfull \hbox (102.07pt too wide) in paragraph at lines 147--164
\OT1/ptm/m/n/10.95 tributes the locked eval-u-a-tion co-hort: 23 Long COVID, 9 
ME/CFS, 15 healthy con-trols (\OT1/cmtt/m/n/10.95 results/longcovid[]p37[]sampl
es.csv\OT1/ptm/m/n/10.95 )
 []

[5]
Overfull \hbox (57.29193pt too wide) in paragraph at lines 204--210
\OT1/ptm/m/n/10.95 ($\OML/ztmcm/m/it/10.95 D \OT1/ztmcm/m/n/10.95 = \OMS/ztmcm/
m/n/10.95 ^^@\OT1/ztmcm/m/n/10.95 0\OML/ztmcm/m/it/10.95 :\OT1/ztmcm/m/n/10.95 
356$\OT1/ptm/m/n/10.95 , per-mu-ta-tion $\OML/ztmcm/m/it/10.95 p \OT1/ztmcm/m/n
/10.95 = \OML/ztmcm/m/it/10.95 :\OT1/ztmcm/m/n/10.95 0432$\OT1/ptm/m/n/10.95 , 
sign sta-ble in all 37 leave-one-out folds; \OT1/cmtt/m/n/10.95 results/lc[]p51
[]train[]result.json\OT1/ptm/m/n/10.95 ).
 []

[6]
Overfull \hbox (115.37305pt too wide) in paragraph at lines 288--303
\OT1/ptm/m/n/10.95 A judge-mode ad-vi-sory re-view of the draft de-sign (ver-ba
-tim record and con-ver-sa-tion URL in \OT1/cmtt/m/n/10.95 redirect/lc[]p52[]ju
dge[]consult.md\OT1/ptm/m/n/10.95 )
 []

[7]
Overfull \hbox (2.15121pt too wide) in paragraph at lines 317--325
\OT1/ptm/m/n/10.95 The locked sen-si-tiv-ity val-ues de-serve em-pha-sis, not m
en-tion: the se-lected (no-module) land-scape's platform-
 []

[8]
Overfull \hbox (18.65154pt too wide) in paragraph at lines 392--400
\OT1/ptm/m/n/10.95 COVID record units: 3 GSE se-ries records plus 175 nested GS
M sam-ple records (the fourth se-ries, GSE251872's
 []

[9]
Overfull \hbox (128.27284pt too wide) in paragraph at lines 482--487
\OT1/ptm/b/n/10.95 Preregistrations \OT1/ptm/m/n/10.95 (com-mit-ted and pushed 
be-fore any run of their arc): \OT1/cmtt/m/n/10.95 projects/long[]covid/prereg/
LC[]P51[]preregistration.md
 []


Overfull \hbox (7.53862pt too wide) in paragraph at lines 488--505
[]\OT1/ptm/b/n/10.95 Analysis scripts and re-sults\OT1/ptm/m/n/10.95 : \OT1/cmt
t/m/n/10.95 scripts/lc[]p51[]train.py \OT1/ptm/m/n/10.95 / \OT1/cmtt/m/n/10.95 
results/lc[]p51[]train[]result.json \OT1/ptm/m/n/10.95 (com-
 []


Overfull \hbox (27.5883pt too wide) in paragraph at lines 488--505
\OT1/ptm/m/n/10.95 mit \OT1/cmtt/m/n/10.95 858e63f0\OT1/ptm/m/n/10.95 ); \OT1/c
mtt/m/n/10.95 scripts/lc[]p51[]evaluate.py \OT1/ptm/m/n/10.95 (locked at \OT1/c
mtt/m/n/10.95 54b852cc\OT1/ptm/m/n/10.95 ) / \OT1/cmtt/m/n/10.95 results/lc[]p5
1[]eval[]result.json
 []


Overfull \hbox (11.04303pt too wide) in paragraph at lines 488--505
\OT1/cmtt/m/n/10.95 ce47aa52\OT1/ptm/m/n/10.95 ) / \OT1/cmtt/m/n/10.95 results/
lc[]p53[]train[]result.json \OT1/ptm/m/n/10.95 (com-mit \OT1/cmtt/m/n/10.95 e70
90e29\OT1/ptm/m/n/10.95 ); \OT1/cmtt/m/n/10.95 scripts/lc[]p53[]evaluate.py
 []

[10]
Overfull \hbox (690.98009pt too wide) in alignment at lines 542--547
 [] [] [] [] [] [] 
 []


Overfull \hbox (322.82495pt too wide) in alignment at lines 560--567
 [] [] [] [] [] 
 []


Overfull \hbox (103.8873pt too wide) in paragraph at lines 577--596
\OT1/cmtt/m/n/10.95 projects/long[]covid/EXTERNAL[]SERVICES.md \OT1/ptm/m/n/10.
95 (44 ser-vices; ev-i-dence un-der \OT1/cmtt/m/n/10.95 projects/long[]covid/re
sults/external/\OT1/ptm/m/n/10.95 ).
 []


Overfull \hbox (12.19307pt too wide) in paragraph at lines 577--596
\OT1/ptm/m/n/10.95 record: \OT1/cmtt/m/n/10.95 projects/long[]covid/judge[]roun
ds/ \OT1/ptm/m/n/10.95 (ver-ba-tim prompts, re-sponses, con-ver-sa-tion URLs, h
ashes). 
 []

[11]
! Missing $ inserted.
<inserted text> 
                $
l.634 L1_
         ifna & 95 & -0.134 & 0.2548 & 37/37 & no \\
I've inserted a begin-math/end-math symbol since I think
you left one out. Proceed, with fingers crossed.

! Missing $ inserted.
<inserted text> 
                $
l.634 L1_ifna &
                95 & -0.134 & 0.2548 & 37/37 & no \\
I've inserted something that you may have forgotten.
(See the <inserted text> above.)
With luck, this will get me unwedged. But if you
really didn't forget anything, try typing `2' now; then
my insertion and my current dilemma will both disappear.

! Missing $ inserted.
<inserted text> 
                $
l.635 L2_
         ifng & 188 & -0.164 & 0.1724 & 37/37 & no \\
I've inserted a begin-math/end-math symbol since I think
you left one out. Proceed, with fingers crossed.

! Missing $ inserted.
<inserted text> 
                $
l.635 L2_ifng &
                188 & -0.164 & 0.1724 & 37/37 & no \\
I've inserted something that you may have forgotten.
(See the <inserted text> above.)
With luck, this will get me unwedged. But if you
really didn't forget anything, try typing `2' now; then
my insertion and my current dilemma will both disappear.

! Missing $ inserted.
<inserted text> 
                $
l.636 L3_
         inflammatory & 153 & -0.072 & 0.2872 & 37/37 & no \\
I've inserted a begin-math/end-math symbol since I think
you left one out. Proceed, with fingers crossed.

! Missing $ inserted.
<inserted text> 
                $
l.636 L3_inflammatory &
                        153 & -0.072 & 0.2872 & 37/37 & no \\
I've inserted something that you may have forgotten.
(See the <inserted text> above.)
With luck, this will get me unwedged. But if you
really didn't forget anything, try typing `2' now; then
my insertion and my current dilemma will both disappear.

! Missing $ inserted.
<inserted text> 
                $
l.637 L4_
         tnfa_nfkb & 171 & +0.127 & 0.1721 & 37/37 & no \\
I've inserted a begin-math/end-math symbol since I think
you left one out. Proceed, with fingers crossed.

! Missing $ inserted.
<inserted text> 
                $
l.637 L4_tnfa_nfkb &
                     171 & +0.127 & 0.1721 & 37/37 & no \\
I've inserted something that you may have forgotten.
(See the <inserted text> above.)
With luck, this will get me unwedged. But if you
really didn't forget anything, try typing `2' now; then
my insertion and my current dilemma will both disappear.

! Missing $ inserted.
<inserted text> 
                $
l.638 L5_
         il6_jakstat3 & 69 & -0.174 & 0.1072 & 37/37 & no \\
I've inserted a begin-math/end-math symbol since I think
you left one out. Proceed, with fingers crossed.

! Missing $ inserted.
<inserted text> 
                $
l.638 L5_il6_jakstat3 &
                        69 & -0.174 & 0.1072 & 37/37 & no \\
I've inserted something that you may have forgotten.
(See the <inserted text> above.)
With luck, this will get me unwedged. But if you
really didn't forget anything, try typing `2' now; then
my insertion and my current dilemma will both disappear.

! Missing $ inserted.
<inserted text> 
                $
l.639 L6_
         complement & 161 & -0.196 & 0.1111 & 37/37 & no \\
I've inserted a begin-math/end-math symbol since I think
you left one out. Proceed, with fingers crossed.

! Missing $ inserted.
<inserted text> 
                $
l.639 L6_complement &
                      161 & -0.196 & 0.1111 & 37/37 & no \\
I've inserted something that you may have forgotten.
(See the <inserted text> above.)
With luck, this will get me unwedged. But if you
really didn't forget anything, try typing `2' now; then
my insertion and my current dilemma will both disappear.

! Missing $ inserted.
<inserted text> 
                $
l.640 L7_
         oxphos & 195 & -0.356 & 0.0432 & 37/37 & \textbf{yes} \\
I've inserted a begin-math/end-math symbol since I think
you left one out. Proceed, with fingers crossed.

! Missing $ inserted.
<inserted text> 
                $
l.640 L7_oxphos &
                  195 & -0.356 & 0.0432 & 37/37 & \textbf{yes} \\
I've inserted something that you may have forgotten.
(See the <inserted text> above.)
With luck, this will get me unwedged. But if you
really didn't forget anything, try typing `2' now; then
my insertion and my current dilemma will both disappear.

! Missing $ inserted.
<inserted text> 
                $
l.641 L8_
         hypoxia & 139 & -0.130 & 0.1024 & 37/37 & no \\
I've inserted a begin-math/end-math symbol since I think
you left one out. Proceed, with fingers crossed.

! Missing $ inserted.
<inserted text> 
                $
l.641 L8_hypoxia &
                   139 & -0.130 & 0.1024 & 37/37 & no \\
I've inserted something that you may have forgotten.
(See the <inserted text> above.)
With luck, this will get me unwedged. But if you
really didn't forget anything, try typing `2' now; then
my insertion and my current dilemma will both disappear.

! Missing $ inserted.
<inserted text> 
                $
l.642 L9_
         il2_stat5 & 166 & -0.106 & 0.2071 & 37/37 & no \\
I've inserted a begin-math/end-math symbol since I think
you left one out. Proceed, with fingers crossed.

! Missing $ inserted.
<inserted text> 
                $
l.642 L9_il2_stat5 &
                     166 & -0.106 & 0.2071 & 37/37 & no \\
I've inserted something that you may have forgotten.
(See the <inserted text> above.)
With luck, this will get me unwedged. But if you
really didn't forget anything, try typing `2' now; then
my insertion and my current dilemma will both disappear.

[12]
! Missing $ inserted.
<inserted text> 
                $
l.650 L1_
         ifna & 95 & 15 & +0.021 & 0.8917 & 19/27 & no \\
I've inserted a begin-math/end-math symbol since I think
you left one out. Proceed, with fingers crossed.

! Missing $ inserted.
<inserted text> 
                $
l.650 L1_ifna &
                95 & 15 & +0.021 & 0.8917 & 19/27 & no \\
I've inserted something that you may have forgotten.
(See the <inserted text> above.)
With luck, this will get me unwedged. But if you
really didn't forget anything, try typing `2' now; then
my insertion and my current dilemma will both disappear.

! Missing $ inserted.
<inserted text> 
                $
l.651 L2_
         ifng & 189 & 52 & +0.030 & 0.7825 & 26/27 & no \\
I've inserted a begin-math/end-math symbol since I think
you left one out. Proceed, with fingers crossed.

! Missing $ inserted.
<inserted text> 
                $
l.651 L2_ifng &
                189 & 52 & +0.030 & 0.7825 & 26/27 & no \\
I've inserted something that you may have forgotten.
(See the <inserted text> above.)
With luck, this will get me unwedged. But if you
really didn't forget anything, try typing `2' now; then
my insertion and my current dilemma will both disappear.

! Missing $ inserted.
<inserted text> 
                $
l.652 L3_
         inflammatory & 156 & 48 & -0.028 & 0.8286 & 26/27 & no \\
I've inserted a begin-math/end-math symbol since I think
you left one out. Proceed, with fingers crossed.

! Missing $ inserted.
<inserted text> 
                $
l.652 L3_inflammatory &
                        156 & 48 & -0.028 & 0.8286 & 26/27 & no \\
I've inserted something that you may have forgotten.
(See the <inserted text> above.)
With luck, this will get me unwedged. But if you
really didn't forget anything, try typing `2' now; then
my insertion and my current dilemma will both disappear.

! Missing $ inserted.
<inserted text> 
                $
l.653 L4_
         tnfa_nfkb & 179 & 48 & +0.076 & 0.6851 & 27/27 & no \\
I've inserted a begin-math/end-math symbol since I think
you left one out. Proceed, with fingers crossed.

! Missing $ inserted.
<inserted text> 
                $
l.653 L4_tnfa_nfkb &
                     179 & 48 & +0.076 & 0.6851 & 27/27 & no \\
I've inserted something that you may have forgotten.
(See the <inserted text> above.)
With luck, this will get me unwedged. But if you
really didn't forget anything, try typing `2' now; then
my insertion and my current dilemma will both disappear.

! Missing $ inserted.
<inserted text> 
                $
l.654 L5_
         il6_jakstat3 & 72 & 35 & -0.023 & 0.8170 & 24/27 & no \\
I've inserted a begin-math/end-math symbol since I think
you left one out. Proceed, with fingers crossed.

! Missing $ inserted.
<inserted text> 
                $
l.654 L5_il6_jakstat3 &
                        72 & 35 & -0.023 & 0.8170 & 24/27 & no \\
I've inserted something that you may have forgotten.
(See the <inserted text> above.)
With luck, this will get me unwedged. But if you
really didn't forget anything, try typing `2' now; then
my insertion and my current dilemma will both disappear.

! Missing $ inserted.
<inserted text> 
                $
l.655 L6_
         complement & 163 & 30 & -0.057 & 0.5444 & 26/27 & no \\
I've inserted a begin-math/end-math symbol since I think
you left one out. Proceed, with fingers crossed.

! Missing $ inserted.
<inserted text> 
                $
l.655 L6_complement &
                      163 & 30 & -0.057 & 0.5444 & 26/27 & no \\
I've inserted something that you may have forgotten.
(See the <inserted text> above.)
With luck, this will get me unwedged. But if you
really didn't forget anything, try typing `2' now; then
my insertion and my current dilemma will both disappear.

! Missing $ inserted.
<inserted text> 
                $
l.656 L7_
         oxphos & 199 & 12 & -0.014 & 0.9217 & 19/27 & no \\
I've inserted a begin-math/end-math symbol since I think
you left one out. Proceed, with fingers crossed.

! Missing $ inserted.
<inserted text> 
                $
l.656 L7_oxphos &
                  199 & 12 & -0.014 & 0.9217 & 19/27 & no \\
I've inserted something that you may have forgotten.
(See the <inserted text> above.)
With luck, this will get me unwedged. But if you
really didn't forget anything, try typing `2' now; then
my insertion and my current dilemma will both disappear.

! Missing $ inserted.
<inserted text> 
                $
l.657 L8_
         hypoxia & 145 & 17 & +0.031 & 0.6303 & 27/27 & no \\
I've inserted a begin-math/end-math symbol since I think
you left one out. Proceed, with fingers crossed.

! Missing $ inserted.
<inserted text> 
                $
l.657 L8_hypoxia &
                   145 & 17 & +0.031 & 0.6303 & 27/27 & no \\
I've inserted something that you may have forgotten.
(See the <inserted text> above.)
With luck, this will get me unwedged. But if you
really didn't forget anything, try typing `2' now; then
my insertion and my current dilemma will both disappear.

! Missing $ inserted.
<inserted text> 
                $
l.658 L9_
         il2_stat5 & 175 & 39 & +0.074 & 0.1938 & 27/27 & no \\
I've inserted a begin-math/end-math symbol since I think
you left one out. Proceed, with fingers crossed.

! Missing $ inserted.
<inserted text> 
                $
l.658 L9_il2_stat5 &
                     175 & 39 & +0.074 & 0.1938 & 27/27 & no \\
I've inserted something that you may have forgotten.
(See the <inserted text> above.)
With luck, this will get me unwedged. But if you
really didn't forget anything, try typing `2' now; then
my insertion and my current dilemma will both disappear.

[13]
Overfull \hbox (6.79504pt too wide) in paragraph at lines 741--753
\OT1/ptm/m/n/10.95 On the un-touched GSE275334 cel-lu-lar panel (\OT1/cmtt/m/n/
10.95 results/lc[]p53[]eval[]result.json\OT1/ptm/m/n/10.95 ): \OT1/ptm/b/n/10.9
5 E1 fails \OT1/ptm/m/n/10.95 - the cfRNA-
 []

[14]
Overfull \hbox (27.60526pt too wide) in alignment at lines 799--802
 [] [] [] [] [] [] 
 []


Overfull \hbox (27.60526pt too wide) in alignment at lines 802--804
 [] [] [] [] [] [] 
 []


Overfull \hbox (27.60526pt too wide) in alignment at lines 804--823
 [] [] [] [] [] [] 
 []


Overfull \hbox (2.67763pt too wide) in paragraph at lines 825--840
\OT1/ptm/m/n/10.95 rich-ment con-firmed in-de-pen-dently. Sec-ond, the com-para
-tor six are sig-nal-ing genes (ki-nases JAK1/MAP3K8,
 []

[15] [16]
Overfull \hbox (59.23418pt too wide) in paragraph at lines 965--986
\OT1/ptm/m/n/10.95 brary per per-son en-ters the train-ing co-hort, cho-sen by 
the fixed rule recorded in \OT1/cmtt/m/n/10.95 results/longcovid[]p36[]samples.
csv
 []


Overfull \hbox (18.83926pt too wide) in paragraph at lines 965--986
\OT1/cmtt/m/n/10.95 results/longcovid[]p37[]samples.csv\OT1/ptm/m/n/10.95 ; the
 eval-u-a-tion scripts as-sert the 15/18/14 Long COVID/healthy/ME-
 []


Overfull \hbox (0.84904pt too wide) in paragraph at lines 965--986
\OT1/ptm/m/n/10.95 CFS com-po-si-tion be-fore any test. For GSE251872, group an
d plat-form are re-derived from the two platform-
 []

[17] [18]
Overfull \hbox (122.54604pt too wide) in paragraph at lines 1071--1079
\OT1/ptm/m/n/10.95 In GSE226260 it-self (17 PASC vs 20 re-cov-ered, 12,828 mea-
sur-able sym-bols af-ter map-ping; \OT1/cmtt/m/n/10.95 results/longcovid[]p36[]
result.json\OT1/ptm/m/n/10.95 ),
 []


Overfull \hbox (22.0477pt too wide) in paragraph at lines 1081--1091
\OT1/ptm/m/n/10.95 On GSE275334 PBMC NanoS-tring (15 Long COVID vs 18 healthy; 
\OT1/cmtt/m/n/10.95 results/longcovid[]p37[]result.json\OT1/ptm/m/n/10.95 ),
 []

[19]
Overfull \hbox (180.82112pt too wide) in paragraph at lines 1125--1129
\OT1/ptm/m/n/10.95 con-tent, be-yond the ledger counts, is as fol-lows (all ev-
i-dence in \OT1/cmtt/m/n/10.95 projects/long[]covid/results/external/tertiary[]
annotations[]lc.json\OT1/ptm/m/n/10.95 ). 
 []

[20] [21] (./manuscript.aux) ) 
Here is how much of TeX's memory you used:
 3543 strings out of 480247
 52419 string characters out of 5896151
 354979 words of memory out of 5000000
 21428 multiletter control sequences out of 15000+600000
 515558 words of font info for 128 fonts, out of 8000000 for 9000
 14 hyphenation exceptions out of 8191
 55i,6n,62p,262b,242s stack positions out of 5000i,500n,10000p,200000b,80000s
{/usr/share/texlive/texmf-dist/fonts/enc/dvips/ba
se/8r.enc}</usr/share/texlive/texmf-dist/fonts/type1/public/amsfonts/cm/cmmi10.
pfb></usr/share/texlive/texmf-dist/fonts/type1/public/amsfonts/cm/cmr10.pfb></u
sr/share/texlive/texmf-dist/fonts/type1/public/amsfonts/cm/cmsy10.pfb></usr/sha
re/texlive/texmf-dist/fonts/type1/public/amsfonts/cm/cmtt10.pfb></usr/share/tex
live/texmf-dist/fonts/type1/public/amsfonts/cm/cmtt12.pfb></usr/share/texlive/t
exmf-dist/fonts/type1/urw/times/utmb8a.pfb></usr/share/texlive/texmf-dist/fonts
/type1/urw/times/utmr8a.pfb></usr/share/texlive/texmf-dist/fonts/type1/urw/time
s/utmri8a.pfb>
Output written on manuscript.pdf (21 pages, 174353 bytes).
PDF statistics:
 113 PDF objects out of 1000 (max. 8388607)
 73 compressed objects within 1 object stream
 0 named destinations out of 1000 (max. 500000)
 1 words of extra memory for PDF output out of 10000 (max. 10000000)

